{"HostConfigHash":"febd141","CardHash":"157aca6","Error":null}