{"HostConfigHash":"5da68b8","CardHash":"a67a7a2","Error":null}