{"HostConfigHash":"febd141","CardHash":"3f8aaf2","Error":null}