{"HostConfigHash":"04138f4","CardHash":"3f8aaf2","Error":null}