{"HostConfigHash":"04138f4","CardHash":"157aca6","Error":null}