{"HostConfigHash":"04138f4","CardHash":"38f5df4","Error":null}