{"HostConfigHash":"04138f4","CardHash":"77b76fc","Error":null}