{"HostConfigHash":"9f2d152","CardHash":"a67a7a2","Error":null}