{"HostConfigHash":"04138f4","CardHash":"8bc0461","Error":null}