{"HostConfigHash":"3e47fb4","CardHash":"157aca6","Error":null}