{"HostConfigHash":"3e47fb4","CardHash":"8bc0461","Error":null}