{"HostConfigHash":"45c4c50","CardHash":"77b76fc","Error":null}