{"HostConfigHash":"6e7bf22","CardHash":"a67a7a2","Error":null}