{"HostConfigHash":"9aebe2c","CardHash":"a67a7a2","Error":null}