{"HostConfigHash":"45c4c50","CardHash":"3f8aaf2","Error":null}