{"HostConfigHash":"45c4c50","CardHash":"8bc0461","Error":null}