{"HostConfigHash":"6e7bf22","CardHash":"f943f44","Error":null}