{"HostConfigHash":"45c4c50","CardHash":"5a5056b","Error":null}