{"HostConfigHash":"2ac7c52","CardHash":"38f5df4","Error":null}