{"HostConfigHash":"2ac7c52","CardHash":"77b76fc","Error":null}