{"HostConfigHash":"f813d32","CardHash":"a67a7a2","Error":null}