{"HostConfigHash":"2ac7c52","CardHash":"8bc0461","Error":null}