{"actions":[{"iconUrl":"http://adaptivecards.io/content/cats/1.png","id":"","title":"Open URL","type":"Action.OpenUrl","url":"http://adaptivecards.io/"},{"id":"","title":"Another","type":"Action.OpenUrl","url":"http://adaptivecards.io/"}],"body":[{"text":"Since one of the actions doesn't have an icon, action icons are always rendered left of title","type":"TextBlock","wrap":true}],"type":"AdaptiveCard","version":"1.0"}