{"HostConfigHash":"66020f3","CardHash":"22bc94e","Error":null}