{"HostConfigHash":"5cd4939","CardHash":"0183b42","Error":null}