{"HostConfigHash":"671e492","CardHash":"032bdb0","Error":null}