{"HostConfigHash":"cd9e1e1","CardHash":"0183b42","Error":null}