{"HostConfigHash":"66020f3","CardHash":"eda1d69","Error":null}