{"HostConfigHash":"f226dbd","CardHash":"0183b42","Error":null}