{"HostConfigHash":"671e492","CardHash":"eda1d69","Error":null}