{"HostConfigHash":"671e492","CardHash":"b7a50b1","Error":null}