{"HostConfigHash":"5cd4939","CardHash":"92c08c0","Error":null}