{"HostConfigHash":"7a1e012","CardHash":"b7a50b1","Error":null}