{"HostConfigHash":"671e492","CardHash":"0183b42","Error":null}