{"HostConfigHash":"cd9e1e1","CardHash":"eda1d69","Error":null}