{"HostConfigHash":"96064a9","CardHash":"eda1d69","Error":null}