{"HostConfigHash":"f226dbd","CardHash":"eda1d69","Error":null}