{"HostConfigHash":"66020f3","CardHash":"0183b42","Error":null}