{"HostConfigHash":"66020f3","CardHash":"92c08c0","Error":null}