{"HostConfigHash":"96064a9","CardHash":"92c08c0","Error":null}