{"HostConfigHash":"e188ab9","CardHash":"77b76fc","Error":null}