{"HostConfigHash":"e188ab9","CardHash":"157aca6","Error":null}