{"HostConfigHash":"e3927b5","CardHash":"38f5df4","Error":null}