{"HostConfigHash":"1bb97f8","CardHash":"a67a7a2","Error":null}