{"HostConfigHash":"e3927b5","CardHash":"5a5056b","Error":null}