{"HostConfigHash":"68476db","CardHash":"f943f44","Error":null}