{"HostConfigHash":"1bb97f8","CardHash":"f943f44","Error":null}