{"HostConfigHash":"e3927b5","CardHash":"77b76fc","Error":null}